2025-01-14 22:10:05 INFO  [worker-01] Batch job started: nightly_report_generation
2025-01-14 22:10:06 INFO  [worker-01] Loading dataset: reports_q4_2024 - 1,240,500 records
2025-01-14 22:10:08 INFO  [worker-01] Chunk 1/50 processed (24,810 records)
2025-01-14 22:10:11 INFO  [worker-01] Chunk 2/50 processed (24,810 records)
2025-01-14 22:10:14 WARN  [worker-01] Memory usage at 68% (5.4GB / 8GB)
2025-01-14 22:10:17 INFO  [worker-01] Chunk 3/50 processed (24,810 records)
2025-01-14 22:10:21 WARN  [worker-01] Memory usage at 79% (6.3GB / 8GB)
2025-01-14 22:10:24 WARN  [worker-01] Memory usage at 85% (6.8GB / 8GB) - approaching threshold
2025-01-14 22:10:27 ERROR [worker-01] Memory usage at 92% (7.3GB / 8GB) - threshold exceeded
2025-01-14 22:10:29 ERROR [worker-01] Memory usage at 97% (7.7GB / 8GB) - critical
2025-01-14 22:10:30 ERROR [worker-01] Failed to allocate 512MB for chunk buffer: insufficient memory
2025-01-14 22:10:30 ERROR [worker-01] MemoryError: Unable to allocate array of size (512, 1024, 1024) with dtype float64
2025-01-14 22:10:30 CRITICAL [worker-01] Batch job FAILED at chunk 4/50: MemoryError
2025-01-14 22:10:30 ERROR [system] OOM Killer activated - process worker-01 (PID 14823) terminated
2025-01-14 22:10:30 CRITICAL [system] Out of memory: Kill process 14823 (python3) score 892 or sacrifice child
2025-01-14 22:10:31 INFO  [scheduler] worker-01 terminated unexpectedly. Attempting restart (1/3)...
2025-01-14 22:10:33 INFO  [scheduler] worker-01 restarted
2025-01-14 22:10:35 ERROR [worker-01] Batch job restarted but resume checkpoint not found - restarting from beginning
2025-01-14 22:10:37 WARN  [worker-01] Memory usage at 71% on restart - residual memory not fully released
2025-01-14 22:10:40 CRITICAL [worker-01] Memory usage at 94% - pre-crash memory footprint reproduced. Aborting to prevent loop.
2025-01-14 22:10:40 ERROR [scheduler] Max restart attempts reached (3/3). Job nightly_report_generation marked FAILED.